{
	"type": "exdeorum:compressed_sieve",
	"ingredient": {
		"tag": "exdeorum:compressed/dust"
	},
	"mesh": "exdeorum:golden_mesh",
	"result": "ae2:certus_quartz_dust",
	"result_amount": {
		"type": "minecraft:binomial",
		"n": 7.0,
		"p": 0.08
	}
}